// Jest Snapshot v1, https://goo.gl/fbAQLP

exports[`H1 Should Render 1`] = `
<h1
  className="h1-sc-1dhgt1i-0 ktdQQC"
>
  Heading 1
</h1>
`;

exports[`H2 Should Render 1`] = `
<h2
  className="h2-sc-1d7ooui-0 iIfZtO"
>
  Heading 2
</h2>
`;

exports[`H3 Should Render 1`] = `
<h3
  className="h3-h296jt-0 idFdrZ"
>
  Heading 3
</h3>
`;

exports[`H4 Should Render 1`] = `
<h4
  className="h4-zwc3qv-0 qVbje"
>
  Heading 4
</h4>
`;

exports[`H5 Should Render 1`] = `
<h5
  className="h5-ylrd96-0 cbVLSS"
>
  Heading 5
</h5>
`;
